<?xml version="1.0" encoding="utf-8"?><testsuites name="pytest tests"><testsuite name="pytest" errors="0" failures="0" skipped="0" tests="22" time="3.964" timestamp="2026-10-09T21:53:52.765360+05:30" hostname="DESKTOP-1GIM50O"><testcase classname="tests.test_alert_service" name="test_normal_demo_heart_rate" time="0.002" /><testcase classname="tests.test_alert_service" name="test_low_demo_heart_rate_is_flagged" time="0.001" /><testcase classname="tests.test_alert_service" name="test_unknown_measurement_is_not_assessed" time="0.001" /><testcase classname="tests.test_alert_service" name="test_wrong_unit_is_not_assessed" time="0.001" /><testcase classname="tests.test_alert_service" name="test_invalid_value_is_not_assessed" time="0.001" /><testcase classname="tests.test_chatbot" name="test_supported_medication_question" time="0.022" /><testcase classname="tests.test_chatbot" name="test_supported_schedule_question" time="0.006" /><testcase classname="tests.test_chatbot" name="test_supported_allergy_question" time="0.007" /><testcase classname="tests.test_chatbot" name="test_supported_appointment_question" time="0.006" /><testcase classname="tests.test_chatbot" name="test_supported_health_trend_question" time="0.007" /><testcase classname="tests.test_chatbot" name="test_unrelated_question_is_rejected" time="0.007" /><testcase classname="tests.test_patient_service" name="test_add_patient_generates_unique_id" time="0.002" /><testcase classname="tests.test_patient_service" name="test_patient_list_includes_new_patient" time="0.002" /><testcase classname="tests.test_patient_service" name="test_reject_blank_patient_name" time="0.002" /><testcase classname="tests.test_patient_service" name="test_reject_invalid_age" time="0.001" /><testcase classname="tests.test_record_service" name="test_add_measurement_and_persist" time="0.002" /><testcase classname="tests.test_record_service" name="test_reject_unsupported_measurement" time="0.001" /><testcase classname="tests.test_record_service" name="test_reject_missing_patient" time="0.004" /><testcase classname="tests.test_record_service" name="test_add_appointment_and_persist" time="0.002" /><testcase classname="tests.test_trend_service" name="test_trend_summary" time="0.007" /><testcase classname="tests.test_trend_service" name="test_empty_trend_returns_none" time="0.004" /><testcase classname="tests.test_trend_service" name="test_health_insight_contains_summary" time="0.003" /></testsuite></testsuites>